Flow report for robot_motor_top
Sun Feb 22 14:27:57 2026
Quartus Prime Version 20.1.1 Build 720 11/11/2020 SJ Lite Edition


---------------------
; Table of Contents ;
---------------------
  1. Legal Notice
  2. Flow Summary
  3. Flow Settings
  4. Flow Non-Default Global Settings
  5. Flow Elapsed Time
  6. Flow OS Summary
  7. Flow Log
  8. Flow Messages
  9. Flow Suppressed Messages



----------------
; Legal Notice ;
----------------
Copyright (C) 2020  Intel Corporation. All rights reserved.
Your use of Intel Corporation's design tools, logic functions 
and other software and tools, and any partner logic 
functions, and any output files from any of the foregoing 
(including device programming or simulation files), and any 
associated documentation or information are expressly subject 
to the terms and conditions of the Intel Program License 
Subscription Agreement, the Intel Quartus Prime License Agreement,
the Intel FPGA IP License Agreement, or other applicable license
agreement, including, without limitation, that your use is for
the sole purpose of programming logic devices manufactured by
Intel and sold by Intel or its authorized distributors.  Please
refer to the applicable agreement for further details, at
https://fpgasoftware.intel.com/eula.



+----------------------------------------------------------------------------------+
; Flow Summary                                                                     ;
+------------------------------------+---------------------------------------------+
; Flow Status                        ; Successful - Sun Feb 22 14:27:57 2026       ;
; Quartus Prime Version              ; 20.1.1 Build 720 11/11/2020 SJ Lite Edition ;
; Revision Name                      ; robot_motor_top                             ;
; Top-level Entity Name              ; robot_motor_top                             ;
; Family                             ; Cyclone IV E                                ;
; Device                             ; EP4CE22F17C6                                ;
; Timing Models                      ; Final                                       ;
; Total logic elements               ; 2,977 / 22,320 ( 13 % )                     ;
;     Total combinational functions  ; 2,262 / 22,320 ( 10 % )                     ;
;     Dedicated logic registers      ; 1,841 / 22,320 ( 8 % )                      ;
; Total registers                    ; 1841                                        ;
; Total pins                         ; 30 / 154 ( 19 % )                           ;
; Total virtual pins                 ; 0                                           ;
; Total memory bits                  ; 30,208 / 608,256 ( 5 % )                    ;
; Embedded Multiplier 9-bit elements ; 12 / 132 ( 9 % )                            ;
; Total PLLs                         ; 0 / 4 ( 0 % )                               ;
+------------------------------------+---------------------------------------------+


+-----------------------------------------+
; Flow Settings                           ;
+-------------------+---------------------+
; Option            ; Setting             ;
+-------------------+---------------------+
; Start date & time ; 02/22/2026 14:27:21 ;
; Main task         ; Compilation         ;
; Revision Name     ; robot_motor_top     ;
+-------------------+---------------------+


+---------------------------------------------------------------------------------------------------------------------------------------------------------------------------------------------------------------------------------------------------------------------------------------------------------------------+
; Flow Non-Default Global Settings                                                                                                                                                                                                                                                                                    ;
+--------------------------------------+---------------------------------------------------------------------------------------------------------------------------------------------------------------------------------------------------------------------------+---------------+-------------+--------------------+
; Assignment Name                      ; Value                                                                                                                                                                                                                     ; Default Value ; Entity Name ; Section Id         ;
+--------------------------------------+---------------------------------------------------------------------------------------------------------------------------------------------------------------------------------------------------------------------------+---------------+-------------+--------------------+
; COMPILER_SIGNATURE_ID                ; 1099175270638.177175064101396                                                                                                                                                                                             ; --            ; --          ; --                 ;
; EDA_DESIGN_INSTANCE_NAME             ; NA                                                                                                                                                                                                                        ; --            ; --          ; tb_robot_motor_top ;
; EDA_NATIVELINK_SIMULATION_TEST_BENCH ; tb_robot_motor_top                                                                                                                                                                                                        ; --            ; --          ; eda_simulation     ;
; EDA_OUTPUT_DATA_FORMAT               ; Verilog Hdl                                                                                                                                                                                                               ; --            ; --          ; eda_simulation     ;
; EDA_SIMULATION_TOOL                  ; ModelSim-Altera (Verilog)                                                                                                                                                                                                 ; <None>        ; --          ; --                 ;
; EDA_TEST_BENCH_ENABLE_STATUS         ; TEST_BENCH_MODE                                                                                                                                                                                                           ; --            ; --          ; eda_simulation     ;
; EDA_TEST_BENCH_FILE                  ; output_files/tb_robot_motor_top.v                                                                                                                                                                                         ; --            ; --          ; tb_robot_motor_top ;
; EDA_TEST_BENCH_MODULE_NAME           ; tb_robot_motor_top                                                                                                                                                                                                        ; --            ; --          ; tb_robot_motor_top ;
; EDA_TEST_BENCH_NAME                  ; tb_robot_motor_top                                                                                                                                                                                                        ; --            ; --          ; eda_simulation     ;
; EDA_TIME_SCALE                       ; 1 ps                                                                                                                                                                                                                      ; --            ; --          ; eda_simulation     ;
; ENABLE_SIGNALTAP                     ; On                                                                                                                                                                                                                        ; --            ; --          ; --                 ;
; MAX_CORE_JUNCTION_TEMP               ; 85                                                                                                                                                                                                                        ; --            ; --          ; --                 ;
; MIN_CORE_JUNCTION_TEMP               ; 0                                                                                                                                                                                                                         ; --            ; --          ; --                 ;
; NOMINAL_CORE_SUPPLY_VOLTAGE          ; 1.2V                                                                                                                                                                                                                      ; --            ; --          ; --                 ;
; PARTITION_COLOR                      ; -- (Not supported for targeted family)                                                                                                                                                                                    ; --            ; --          ; Top                ;
; PARTITION_FITTER_PRESERVATION_LEVEL  ; -- (Not supported for targeted family)                                                                                                                                                                                    ; --            ; --          ; Top                ;
; PARTITION_NETLIST_TYPE               ; -- (Not supported for targeted family)                                                                                                                                                                                    ; --            ; --          ; Top                ;
; POWER_BOARD_THERMAL_MODEL            ; None (CONSERVATIVE)                                                                                                                                                                                                       ; --            ; --          ; --                 ;
; POWER_PRESET_COOLING_SOLUTION        ; 23 MM HEAT SINK WITH 200 LFPM AIRFLOW                                                                                                                                                                                     ; --            ; --          ; --                 ;
; PROJECT_OUTPUT_DIRECTORY             ; output_files                                                                                                                                                                                                              ; --            ; --          ; --                 ;
; SLD_FILE                             ; db/stp_auto_stripped.stp                                                                                                                                                                                                  ; --            ; --          ; --                 ;
; SLD_NODE_CREATOR_ID                  ; 110                                                                                                                                                                                                                       ; --            ; --          ; auto_signaltap_0   ;
; SLD_NODE_ENTITY_NAME                 ; sld_signaltap                                                                                                                                                                                                             ; --            ; --          ; auto_signaltap_0   ;
; SLD_NODE_PARAMETER_ASSIGNMENT        ; SLD_RAM_BLOCK_TYPE=AUTO                                                                                                                                                                                                   ; --            ; --          ; auto_signaltap_0   ;
; SLD_NODE_PARAMETER_ASSIGNMENT        ; SLD_NODE_INFO=805334528                                                                                                                                                                                                   ; --            ; --          ; auto_signaltap_0   ;
; SLD_NODE_PARAMETER_ASSIGNMENT        ; SLD_POWER_UP_TRIGGER=0                                                                                                                                                                                                    ; --            ; --          ; auto_signaltap_0   ;
; SLD_NODE_PARAMETER_ASSIGNMENT        ; SLD_SEGMENT_SIZE=512                                                                                                                                                                                                      ; --            ; --          ; auto_signaltap_0   ;
; SLD_NODE_PARAMETER_ASSIGNMENT        ; SLD_ATTRIBUTE_MEM_MODE=OFF                                                                                                                                                                                                ; --            ; --          ; auto_signaltap_0   ;
; SLD_NODE_PARAMETER_ASSIGNMENT        ; SLD_STATE_FLOW_USE_GENERATED=0                                                                                                                                                                                            ; --            ; --          ; auto_signaltap_0   ;
; SLD_NODE_PARAMETER_ASSIGNMENT        ; SLD_STATE_BITS=11                                                                                                                                                                                                         ; --            ; --          ; auto_signaltap_0   ;
; SLD_NODE_PARAMETER_ASSIGNMENT        ; SLD_BUFFER_FULL_STOP=1                                                                                                                                                                                                    ; --            ; --          ; auto_signaltap_0   ;
; SLD_NODE_PARAMETER_ASSIGNMENT        ; SLD_CURRENT_RESOURCE_WIDTH=1                                                                                                                                                                                              ; --            ; --          ; auto_signaltap_0   ;
; SLD_NODE_PARAMETER_ASSIGNMENT        ; SLD_INCREMENTAL_ROUTING=1                                                                                                                                                                                                 ; --            ; --          ; auto_signaltap_0   ;
; SLD_NODE_PARAMETER_ASSIGNMENT        ; SLD_TRIGGER_LEVEL=1                                                                                                                                                                                                       ; --            ; --          ; auto_signaltap_0   ;
; SLD_NODE_PARAMETER_ASSIGNMENT        ; SLD_SAMPLE_DEPTH=512                                                                                                                                                                                                      ; --            ; --          ; auto_signaltap_0   ;
; SLD_NODE_PARAMETER_ASSIGNMENT        ; SLD_TRIGGER_IN_ENABLED=0                                                                                                                                                                                                  ; --            ; --          ; auto_signaltap_0   ;
; SLD_NODE_PARAMETER_ASSIGNMENT        ; SLD_TRIGGER_PIPELINE=0                                                                                                                                                                                                    ; --            ; --          ; auto_signaltap_0   ;
; SLD_NODE_PARAMETER_ASSIGNMENT        ; SLD_RAM_PIPELINE=0                                                                                                                                                                                                        ; --            ; --          ; auto_signaltap_0   ;
; SLD_NODE_PARAMETER_ASSIGNMENT        ; SLD_COUNTER_PIPELINE=0                                                                                                                                                                                                    ; --            ; --          ; auto_signaltap_0   ;
; SLD_NODE_PARAMETER_ASSIGNMENT        ; SLD_ADVANCED_TRIGGER_ENTITY=basic,1,                                                                                                                                                                                      ; --            ; --          ; auto_signaltap_0   ;
; SLD_NODE_PARAMETER_ASSIGNMENT        ; SLD_TRIGGER_LEVEL_PIPELINE=1                                                                                                                                                                                              ; --            ; --          ; auto_signaltap_0   ;
; SLD_NODE_PARAMETER_ASSIGNMENT        ; SLD_ENABLE_ADVANCED_TRIGGER=0                                                                                                                                                                                             ; --            ; --          ; auto_signaltap_0   ;
; SLD_NODE_PARAMETER_ASSIGNMENT        ; SLD_STORAGE_QUALIFIER_INVERSION_MASK_LENGTH=1                                                                                                                                                                             ; --            ; --          ; auto_signaltap_0   ;
; SLD_NODE_PARAMETER_ASSIGNMENT        ; SLD_STORAGE_QUALIFIER_GAP_RECORD=1                                                                                                                                                                                        ; --            ; --          ; auto_signaltap_0   ;
; SLD_NODE_PARAMETER_ASSIGNMENT        ; SLD_STORAGE_QUALIFIER_MODE=PORT                                                                                                                                                                                           ; --            ; --          ; auto_signaltap_0   ;
; SLD_NODE_PARAMETER_ASSIGNMENT        ; SLD_DATA_BITS=58                                                                                                                                                                                                          ; --            ; --          ; auto_signaltap_0   ;
; SLD_NODE_PARAMETER_ASSIGNMENT        ; SLD_TRIGGER_BITS=58                                                                                                                                                                                                       ; --            ; --          ; auto_signaltap_0   ;
; SLD_NODE_PARAMETER_ASSIGNMENT        ; SLD_STORAGE_QUALIFIER_BITS=58                                                                                                                                                                                             ; --            ; --          ; auto_signaltap_0   ;
; SLD_NODE_PARAMETER_ASSIGNMENT        ; SLD_INVERSION_MASK=000000000000000000000000000000000000000000000000000000000000000000000000000000000000000000000000000000000000000000000000000000000000000000000000000000000000000000000000000000000000000000000000000000 ; --            ; --          ; auto_signaltap_0   ;
; SLD_NODE_PARAMETER_ASSIGNMENT        ; SLD_INVERSION_MASK_LENGTH=198                                                                                                                                                                                             ; --            ; --          ; auto_signaltap_0   ;
; USE_SIGNALTAP_FILE                   ; output_files/stp.stp                                                                                                                                                                                                      ; --            ; --          ; --                 ;
+--------------------------------------+---------------------------------------------------------------------------------------------------------------------------------------------------------------------------------------------------------------------------+---------------+-------------+--------------------+


+--------------------------------------------------------------------------------------------------------------------------+
; Flow Elapsed Time                                                                                                        ;
+----------------------+--------------+-------------------------+---------------------+------------------------------------+
; Module Name          ; Elapsed Time ; Average Processors Used ; Peak Virtual Memory ; Total CPU Time (on all processors) ;
+----------------------+--------------+-------------------------+---------------------+------------------------------------+
; Analysis & Synthesis ; 00:00:21     ; 1.0                     ; 4909 MB             ; 00:00:35                           ;
; Fitter               ; 00:00:05     ; 1.2                     ; 6022 MB             ; 00:00:09                           ;
; Assembler            ; 00:00:01     ; 1.0                     ; 4703 MB             ; 00:00:01                           ;
; Timing Analyzer      ; 00:00:01     ; 1.3                     ; 4902 MB             ; 00:00:02                           ;
; EDA Netlist Writer   ; 00:00:02     ; 1.0                     ; 4670 MB             ; 00:00:02                           ;
; Total                ; 00:00:30     ; --                      ; --                  ; 00:00:49                           ;
+----------------------+--------------+-------------------------+---------------------+------------------------------------+


+------------------------------------------------------------------------------------+
; Flow OS Summary                                                                    ;
+----------------------+------------------+------------+------------+----------------+
; Module Name          ; Machine Hostname ; OS Name    ; OS Version ; Processor type ;
+----------------------+------------------+------------+------------+----------------+
; Analysis & Synthesis ; LAPTOP-599ORLCN  ; Windows 10 ; 10.0       ; x86_64         ;
; Fitter               ; LAPTOP-599ORLCN  ; Windows 10 ; 10.0       ; x86_64         ;
; Assembler            ; LAPTOP-599ORLCN  ; Windows 10 ; 10.0       ; x86_64         ;
; Timing Analyzer      ; LAPTOP-599ORLCN  ; Windows 10 ; 10.0       ; x86_64         ;
; EDA Netlist Writer   ; LAPTOP-599ORLCN  ; Windows 10 ; 10.0       ; x86_64         ;
+----------------------+------------------+------------+------------+----------------+


------------
; Flow Log ;
------------
quartus_map --read_settings_files=on --write_settings_files=off N_20MOTOR -c robot_motor_top
quartus_fit --read_settings_files=off --write_settings_files=off N_20MOTOR -c robot_motor_top
quartus_asm --read_settings_files=off --write_settings_files=off N_20MOTOR -c robot_motor_top
quartus_sta N_20MOTOR -c robot_motor_top
quartus_eda --read_settings_files=off --write_settings_files=off N_20MOTOR -c robot_motor_top



