Analysis & Synthesis report for t2c_maze_explorer
Mon Nov 10 22:47:11 2025
Quartus Prime Version 20.1.1 Build 720 11/11/2020 SJ Lite Edition


---------------------
; Table of Contents ;
---------------------
  1. Legal Notice
  2. Analysis & Synthesis Summary
  3. Analysis & Synthesis Settings
  4. Parallel Compilation
  5. Analysis & Synthesis Source Files Read
  6. Analysis & Synthesis Resource Usage Summary
  7. Analysis & Synthesis Resource Utilization by Entity
  8. State Machine - |t2c_maze_explorer|facing
  9. State Machine - |t2c_maze_explorer|state
 10. Registers Removed During Synthesis
 11. General Register Statistics
 12. Inverted Register Statistics
 13. Multiplexer Restructuring Statistics (Restructuring Performed)
 14. Parameter Settings for User Entity Instance: Top-level Entity: |t2c_maze_explorer
 15. Post-Synthesis Netlist Statistics for Top Partition
 16. Elapsed Time Per Partition
 17. Analysis & Synthesis Messages
 18. Analysis & Synthesis Suppressed Messages



----------------
; Legal Notice ;
----------------
Copyright (C) 2020  Intel Corporation. All rights reserved.
Your use of Intel Corporation's design tools, logic functions 
and other software and tools, and any partner logic 
functions, and any output files from any of the foregoing 
(including device programming or simulation files), and any 
associated documentation or information are expressly subject 
to the terms and conditions of the Intel Program License 
Subscription Agreement, the Intel Quartus Prime License Agreement,
the Intel FPGA IP License Agreement, or other applicable license
agreement, including, without limitation, that your use is for
the sole purpose of programming logic devices manufactured by
Intel and sold by Intel or its authorized distributors.  Please
refer to the applicable agreement for further details, at
https://fpgasoftware.intel.com/eula.



+----------------------------------------------------------------------------------+
; Analysis & Synthesis Summary                                                     ;
+------------------------------------+---------------------------------------------+
; Analysis & Synthesis Status        ; Successful - Mon Nov 10 22:47:11 2025       ;
; Quartus Prime Version              ; 20.1.1 Build 720 11/11/2020 SJ Lite Edition ;
; Revision Name                      ; t2c_maze_explorer                           ;
; Top-level Entity Name              ; t2c_maze_explorer                           ;
; Family                             ; Cyclone IV E                                ;
; Total logic elements               ; 315                                         ;
;     Total combinational functions  ; 315                                         ;
;     Dedicated logic registers      ; 109                                         ;
; Total registers                    ; 109                                         ;
; Total pins                         ; 8                                           ;
; Total virtual pins                 ; 0                                           ;
; Total memory bits                  ; 0                                           ;
; Embedded Multiplier 9-bit elements ; 0                                           ;
; Total PLLs                         ; 0                                           ;
+------------------------------------+---------------------------------------------+


+------------------------------------------------------------------------------------------------------------+
; Analysis & Synthesis Settings                                                                              ;
+------------------------------------------------------------------+--------------------+--------------------+
; Option                                                           ; Setting            ; Default Value      ;
+------------------------------------------------------------------+--------------------+--------------------+
; Device                                                           ; EP4CE22F17C6       ;                    ;
; Top-level entity name                                            ; t2c_maze_explorer  ; t2c_maze_explorer  ;
; Family name                                                      ; Cyclone IV E       ; Cyclone V          ;
; Use smart compilation                                            ; Off                ; Off                ;
; Enable parallel Assembler and Timing Analyzer during compilation ; On                 ; On                 ;
; Enable compact report table                                      ; Off                ; Off                ;
; Restructure Multiplexers                                         ; Auto               ; Auto               ;
; Create Debugging Nodes for IP Cores                              ; Off                ; Off                ;
; Preserve fewer node names                                        ; On                 ; On                 ;
; Intel FPGA IP Evaluation Mode                                    ; Enable             ; Enable             ;
; Verilog Version                                                  ; Verilog_2001       ; Verilog_2001       ;
; VHDL Version                                                     ; VHDL_1993          ; VHDL_1993          ;
; State Machine Processing                                         ; Auto               ; Auto               ;
; Safe State Machine                                               ; Off                ; Off                ;
; Extract Verilog State Machines                                   ; On                 ; On                 ;
; Extract VHDL State Machines                                      ; On                 ; On                 ;
; Ignore Verilog initial constructs                                ; Off                ; Off                ;
; Iteration limit for constant Verilog loops                       ; 5000               ; 5000               ;
; Iteration limit for non-constant Verilog loops                   ; 250                ; 250                ;
; Add Pass-Through Logic to Inferred RAMs                          ; On                 ; On                 ;
; Infer RAMs from Raw Logic                                        ; On                 ; On                 ;
; Parallel Synthesis                                               ; On                 ; On                 ;
; DSP Block Balancing                                              ; Auto               ; Auto               ;
; NOT Gate Push-Back                                               ; On                 ; On                 ;
; Power-Up Don't Care                                              ; On                 ; On                 ;
; Remove Redundant Logic Cells                                     ; Off                ; Off                ;
; Remove Duplicate Registers                                       ; On                 ; On                 ;
; Ignore CARRY Buffers                                             ; Off                ; Off                ;
; Ignore CASCADE Buffers                                           ; Off                ; Off                ;
; Ignore GLOBAL Buffers                                            ; Off                ; Off                ;
; Ignore ROW GLOBAL Buffers                                        ; Off                ; Off                ;
; Ignore LCELL Buffers                                             ; Off                ; Off                ;
; Ignore SOFT Buffers                                              ; On                 ; On                 ;
; Limit AHDL Integers to 32 Bits                                   ; Off                ; Off                ;
; Optimization Technique                                           ; Balanced           ; Balanced           ;
; Carry Chain Length                                               ; 70                 ; 70                 ;
; Auto Carry Chains                                                ; On                 ; On                 ;
; Auto Open-Drain Pins                                             ; On                 ; On                 ;
; Perform WYSIWYG Primitive Resynthesis                            ; Off                ; Off                ;
; Auto ROM Replacement                                             ; On                 ; On                 ;
; Auto RAM Replacement                                             ; On                 ; On                 ;
; Auto DSP Block Replacement                                       ; On                 ; On                 ;
; Auto Shift Register Replacement                                  ; Auto               ; Auto               ;
; Allow Shift Register Merging across Hierarchies                  ; Auto               ; Auto               ;
; Auto Clock Enable Replacement                                    ; On                 ; On                 ;
; Strict RAM Replacement                                           ; Off                ; Off                ;
; Allow Synchronous Control Signals                                ; On                 ; On                 ;
; Force Use of Synchronous Clear Signals                           ; Off                ; Off                ;
; Auto RAM Block Balancing                                         ; On                 ; On                 ;
; Auto RAM to Logic Cell Conversion                                ; Off                ; Off                ;
; Auto Resource Sharing                                            ; Off                ; Off                ;
; Allow Any RAM Size For Recognition                               ; Off                ; Off                ;
; Allow Any ROM Size For Recognition                               ; Off                ; Off                ;
; Allow Any Shift Register Size For Recognition                    ; Off                ; Off                ;
; Use LogicLock Constraints during Resource Balancing              ; On                 ; On                 ;
; Ignore translate_off and synthesis_off directives                ; Off                ; Off                ;
; Timing-Driven Synthesis                                          ; On                 ; On                 ;
; Report Parameter Settings                                        ; On                 ; On                 ;
; Report Source Assignments                                        ; On                 ; On                 ;
; Report Connectivity Checks                                       ; On                 ; On                 ;
; Ignore Maximum Fan-Out Assignments                               ; Off                ; Off                ;
; Synchronization Register Chain Length                            ; 2                  ; 2                  ;
; Power Optimization During Synthesis                              ; Normal compilation ; Normal compilation ;
; HDL message level                                                ; Level2             ; Level2             ;
; Suppress Register Optimization Related Messages                  ; Off                ; Off                ;
; Number of Removed Registers Reported in Synthesis Report         ; 5000               ; 5000               ;
; Number of Swept Nodes Reported in Synthesis Report               ; 5000               ; 5000               ;
; Number of Inverted Registers Reported in Synthesis Report        ; 100                ; 100                ;
; Clock MUX Protection                                             ; On                 ; On                 ;
; Auto Gated Clock Conversion                                      ; Off                ; Off                ;
; Block Design Naming                                              ; Auto               ; Auto               ;
; SDC constraint protection                                        ; Off                ; Off                ;
; Synthesis Effort                                                 ; Auto               ; Auto               ;
; Shift Register Replacement - Allow Asynchronous Clear Signal     ; On                 ; On                 ;
; Pre-Mapping Resynthesis Optimization                             ; Off                ; Off                ;
; Analysis & Synthesis Message Level                               ; Medium             ; Medium             ;
; Disable Register Merging Across Hierarchies                      ; Auto               ; Auto               ;
; Resource Aware Inference For Block RAM                           ; On                 ; On                 ;
+------------------------------------------------------------------+--------------------+--------------------+


+------------------------------------------+
; Parallel Compilation                     ;
+----------------------------+-------------+
; Processors                 ; Number      ;
+----------------------------+-------------+
; Number detected on machine ; 4           ;
; Maximum allowed            ; 4           ;
;                            ;             ;
; Average used               ; 1.00        ;
; Maximum used               ; 4           ;
;                            ;             ;
; Usage by Processor         ; % Time Used ;
;     Processor 1            ; 100.0%      ;
;     Processors 2-4         ;   0.0%      ;
+----------------------------+-------------+


+-------------------------------------------------------------------------------------------------------------------------------------------------------------------------------------+
; Analysis & Synthesis Source Files Read                                                                                                                                              ;
+----------------------------------+-----------------+------------------------+---------------------------------------------------------------------------------------------+---------+
; File Name with User-Entered Path ; Used in Netlist ; File Type              ; File Name with Absolute Path                                                                ; Library ;
+----------------------------------+-----------------+------------------------+---------------------------------------------------------------------------------------------+---------+
; code/t2c_maze_explorer.v         ; yes             ; User Verilog HDL File  ; C:/Users/Diptanil/Desktop/eyantra/mb_4975_task2c/t2c_maze_explorer/code/t2c_maze_explorer.v ;         ;
+----------------------------------+-----------------+------------------------+---------------------------------------------------------------------------------------------+---------+


+---------------------------------------------------------+
; Analysis & Synthesis Resource Usage Summary             ;
+---------------------------------------------+-----------+
; Resource                                    ; Usage     ;
+---------------------------------------------+-----------+
; Estimated Total logic elements              ; 315       ;
;                                             ;           ;
; Total combinational functions               ; 315       ;
; Logic element usage by number of LUT inputs ;           ;
;     -- 4 input functions                    ; 244       ;
;     -- 3 input functions                    ; 42        ;
;     -- <=2 input functions                  ; 29        ;
;                                             ;           ;
; Logic elements by mode                      ;           ;
;     -- normal mode                          ; 302       ;
;     -- arithmetic mode                      ; 13        ;
;                                             ;           ;
; Total registers                             ; 109       ;
;     -- Dedicated logic registers            ; 109       ;
;     -- I/O registers                        ; 0         ;
;                                             ;           ;
; I/O pins                                    ; 8         ;
;                                             ;           ;
; Embedded Multiplier 9-bit elements          ; 0         ;
;                                             ;           ;
; Maximum fan-out node                        ; clk~input ;
; Maximum fan-out                             ; 109       ;
; Total fan-out                               ; 1512      ;
; Average fan-out                             ; 3.44      ;
+---------------------------------------------+-----------+


+----------------------------------------------------------------------------------------------------------------------------------------------------------------------------------------------------------------+
; Analysis & Synthesis Resource Utilization by Entity                                                                                                                                                            ;
+----------------------------+---------------------+---------------------------+-------------+--------------+---------+-----------+------+--------------+---------------------+-------------------+--------------+
; Compilation Hierarchy Node ; Combinational ALUTs ; Dedicated Logic Registers ; Memory Bits ; DSP Elements ; DSP 9x9 ; DSP 18x18 ; Pins ; Virtual Pins ; Full Hierarchy Name ; Entity Name       ; Library Name ;
+----------------------------+---------------------+---------------------------+-------------+--------------+---------+-----------+------+--------------+---------------------+-------------------+--------------+
; |t2c_maze_explorer         ; 315 (315)           ; 109 (109)                 ; 0           ; 0            ; 0       ; 0         ; 8    ; 0            ; |t2c_maze_explorer  ; t2c_maze_explorer ; work         ;
+----------------------------+---------------------+---------------------------+-------------+--------------+---------+-----------+------+--------------+---------------------+-------------------+--------------+
Note: For table entries with two numbers listed, the numbers in parentheses indicate the number of resources of the given type used by the specific entity alone. The numbers listed outside of parentheses indicate the total resources of the given type used by the specific entity and all of its sub-entities in the hierarchy.


Encoding Type:  One-Hot
+------------------------------------------------------+
; State Machine - |t2c_maze_explorer|facing            ;
+----------+----------+----------+----------+----------+
; Name     ; facing.W ; facing.S ; facing.E ; facing.N ;
+----------+----------+----------+----------+----------+
; facing.N ; 0        ; 0        ; 0        ; 0        ;
; facing.E ; 0        ; 0        ; 1        ; 1        ;
; facing.S ; 0        ; 1        ; 0        ; 1        ;
; facing.W ; 1        ; 0        ; 0        ; 1        ;
+----------+----------+----------+----------+----------+


Encoding Type:  One-Hot
+-----------------------------------------------------------------------------------------+
; State Machine - |t2c_maze_explorer|state                                                ;
+-----------------------+-----------------------+--------------+------------+-------------+
; Name                  ; state.RIGHT_HAND_RULE ; state.AT_END ; state.MOVE ; state.START ;
+-----------------------+-----------------------+--------------+------------+-------------+
; state.START           ; 0                     ; 0            ; 0          ; 0           ;
; state.MOVE            ; 0                     ; 0            ; 1          ; 1           ;
; state.AT_END          ; 0                     ; 1            ; 0          ; 1           ;
; state.RIGHT_HAND_RULE ; 1                     ; 0            ; 0          ; 1           ;
+-----------------------+-----------------------+--------------+------------+-------------+


+------------------------------------------------------------+
; Registers Removed During Synthesis                         ;
+---------------------------------------+--------------------+
; Register name                         ; Reason for Removal ;
+---------------------------------------+--------------------+
; facing~4                              ; Lost fanout        ;
; facing~5                              ; Lost fanout        ;
; state~8                               ; Lost fanout        ;
; state~9                               ; Lost fanout        ;
; Total Number of Removed Registers = 4 ;                    ;
+---------------------------------------+--------------------+


+------------------------------------------------------+
; General Register Statistics                          ;
+----------------------------------------------+-------+
; Statistic                                    ; Value ;
+----------------------------------------------+-------+
; Total registers                              ; 109   ;
; Number of registers using Synchronous Clear  ; 0     ;
; Number of registers using Synchronous Load   ; 0     ;
; Number of registers using Asynchronous Clear ; 109   ;
; Number of registers using Asynchronous Load  ; 0     ;
; Number of registers using Clock Enable       ; 15    ;
; Number of registers using Preset             ; 0     ;
+----------------------------------------------+-------+


+--------------------------------------------------+
; Inverted Register Statistics                     ;
+----------------------------------------+---------+
; Inverted Register                      ; Fan out ;
+----------------------------------------+---------+
; pos_x[2]                               ; 18      ;
; Total number of inverted registers = 1 ;         ;
+----------------------------------------+---------+


+---------------------------------------------------------------------------------------------------------------------------------------------+
; Multiplexer Restructuring Statistics (Restructuring Performed)                                                                              ;
+--------------------+-----------+---------------+----------------------+------------------------+------------+-------------------------------+
; Multiplexer Inputs ; Bus Width ; Baseline Area ; Area if Restructured ; Saving if Restructured ; Registered ; Example Multiplexer Output    ;
+--------------------+-----------+---------------+----------------------+------------------------+------------+-------------------------------+
; 14:1               ; 5 bits    ; 45 LEs        ; 0 LEs                ; 45 LEs                 ; Yes        ; |t2c_maze_explorer|pos_y[4]   ;
; 15:1               ; 4 bits    ; 40 LEs        ; 0 LEs                ; 40 LEs                 ; Yes        ; |t2c_maze_explorer|pos_x[4]   ;
; 6:1                ; 2 bits    ; 8 LEs         ; 8 LEs                ; 0 LEs                  ; No         ; |t2c_maze_explorer|Selector57 ;
+--------------------+-----------+---------------+----------------------+------------------------+------------+-------------------------------+


+-----------------------------------------------------------------------------------+
; Parameter Settings for User Entity Instance: Top-level Entity: |t2c_maze_explorer ;
+-----------------+-------+---------------------------------------------------------+
; Parameter Name  ; Value ; Type                                                    ;
+-----------------+-------+---------------------------------------------------------+
; START           ; 00    ; Unsigned Binary                                         ;
; MOVE            ; 01    ; Unsigned Binary                                         ;
; AT_END          ; 10    ; Unsigned Binary                                         ;
; RIGHT_HAND_RULE ; 11    ; Unsigned Binary                                         ;
; STOP            ; 000   ; Unsigned Binary                                         ;
; FORWARD         ; 001   ; Unsigned Binary                                         ;
; LEFT            ; 010   ; Unsigned Binary                                         ;
; RIGHT           ; 011   ; Unsigned Binary                                         ;
; U_TURN          ; 100   ; Unsigned Binary                                         ;
; START_X         ; 00100 ; Unsigned Binary                                         ;
; START_Y         ; 00000 ; Unsigned Binary                                         ;
; END_X           ; 00100 ; Unsigned Binary                                         ;
; END_Y           ; 01000 ; Unsigned Binary                                         ;
; N               ; 00    ; Unsigned Binary                                         ;
; E               ; 01    ; Unsigned Binary                                         ;
; S               ; 10    ; Unsigned Binary                                         ;
; W               ; 11    ; Unsigned Binary                                         ;
+-----------------+-------+---------------------------------------------------------+
Note: In order to hide this table in the UI and the text report file, please set the "Show Parameter Settings in Synthesis Report" option in "Analysis and Synthesis Settings -> More Settings" to "Off".


+-----------------------------------------------------+
; Post-Synthesis Netlist Statistics for Top Partition ;
+-----------------------+-----------------------------+
; Type                  ; Count                       ;
+-----------------------+-----------------------------+
; boundary_port         ; 8                           ;
; cycloneiii_ff         ; 109                         ;
;     CLR               ; 94                          ;
;     ENA CLR           ; 15                          ;
; cycloneiii_lcell_comb ; 315                         ;
;     arith             ; 13                          ;
;         2 data inputs ; 4                           ;
;         3 data inputs ; 9                           ;
;     normal            ; 302                         ;
;         1 data inputs ; 1                           ;
;         2 data inputs ; 24                          ;
;         3 data inputs ; 33                          ;
;         4 data inputs ; 244                         ;
;                       ;                             ;
; Max LUT depth         ; 12.00                       ;
; Average LUT depth     ; 7.02                        ;
+-----------------------+-----------------------------+


+-------------------------------+
; Elapsed Time Per Partition    ;
+----------------+--------------+
; Partition Name ; Elapsed Time ;
+----------------+--------------+
; Top            ; 00:00:02     ;
+----------------+--------------+


+-------------------------------+
; Analysis & Synthesis Messages ;
+-------------------------------+
Info: *******************************************************************
Info: Running Quartus Prime Analysis & Synthesis
    Info: Version 20.1.1 Build 720 11/11/2020 SJ Lite Edition
    Info: Processing started: Mon Nov 10 22:46:41 2025
Info: Command: quartus_map --read_settings_files=on --write_settings_files=off t2c_maze_explorer -c t2c_maze_explorer
Warning (18236): Number of processors has not been specified which may cause overloading on shared machines.  Set the global assignment NUM_PARALLEL_PROCESSORS in your QSF to an appropriate value for best performance.
Info (20030): Parallel compilation is enabled and will use 4 of the 4 processors detected
Info (12021): Found 1 design units, including 1 entities, in source file code/t2c_maze_explorer.v
    Info (12023): Found entity 1: t2c_maze_explorer File: C:/Users/Diptanil/Desktop/eyantra/mb_4975_task2c/t2c_maze_explorer/code/t2c_maze_explorer.v Line: 1
Info (12127): Elaborating entity "t2c_maze_explorer" for the top level hierarchy
Warning (10240): Verilog HDL Always Construct warning at t2c_maze_explorer.v(37): inferring latch(es) for variable "i", which holds its previous value in one or more paths through the always construct File: C:/Users/Diptanil/Desktop/eyantra/mb_4975_task2c/t2c_maze_explorer/code/t2c_maze_explorer.v Line: 37
Warning (10240): Verilog HDL Always Construct warning at t2c_maze_explorer.v(37): inferring latch(es) for variable "j", which holds its previous value in one or more paths through the always construct File: C:/Users/Diptanil/Desktop/eyantra/mb_4975_task2c/t2c_maze_explorer/code/t2c_maze_explorer.v Line: 37
Info (13000): Registers with preset signals will power-up high File: C:/Users/Diptanil/Desktop/eyantra/mb_4975_task2c/t2c_maze_explorer/code/t2c_maze_explorer.v Line: 50
Info (13003): DEV_CLRn pin will set, and not reset, register with preset signal due to NOT Gate Push-Back
Info (286030): Timing-Driven Synthesis is running
Info (17049): 4 registers lost all their fanouts during netlist optimizations.
Info (144001): Generated suppressed messages file C:/Users/Diptanil/Desktop/eyantra/mb_4975_task2c/t2c_maze_explorer/output_files/t2c_maze_explorer.map.smsg
Info (16010): Generating hard_block partition "hard_block:auto_generated_inst"
    Info (16011): Adding 0 node(s), including 0 DDIO, 0 PLL, 0 transceiver and 0 LCELL
Info (21057): Implemented 323 device resources after synthesis - the final resource count might be different
    Info (21058): Implemented 5 input pins
    Info (21059): Implemented 3 output pins
    Info (21061): Implemented 315 logic cells
Info: Quartus Prime Analysis & Synthesis was successful. 0 errors, 3 warnings
    Info: Peak virtual memory: 13170 megabytes
    Info: Processing ended: Mon Nov 10 22:47:11 2025
    Info: Elapsed time: 00:00:30
    Info: Total CPU time (on all processors): 00:00:57


+------------------------------------------+
; Analysis & Synthesis Suppressed Messages ;
+------------------------------------------+
The suppressed messages can be found in C:/Users/Diptanil/Desktop/eyantra/mb_4975_task2c/t2c_maze_explorer/output_files/t2c_maze_explorer.map.smsg.


